---
source: crates/au-cli/tests/it/scenarios.rs
expression: rendered
---
{
  "diagnostics": [
    {
      "code": "reserved-key-on-instance",
      "message": "`location:` is a type-def-only key and cannot appear on an instance",
      "severity": "error",
      "span": {
        "file": "<root>/scenarios/location-reserved-on-instance/bad-location-key.md",
        "line_col": {
          "end": {
            "col": 9,
            "line": 4
          },
          "start": {
            "col": 1,
            "line": 4
          }
        },
        "range": {
          "end": 40,
          "start": 32
        }
      }
    }
  ],
  "instances": {
    "aborted_at_load": false,
    "count": 2,
    "entries": [
      {
        "body_events": null,
        "claim": [
          "au.engine.repo::au-engine"
        ],
        "closure": [
          "au.engine.repo::au-engine"
        ],
        "effective_shape": [
          {
            "divergent": false,
            "field": "deps",
            "origins": [
              {
                "name": "au.engine.repo",
                "origin_path": "<au-engine-builtin>/au.engine.repo.type.yaml",
                "repo": "au-engine",
                "required": false,
                "shape": "au.engine.dep::au-engine[]"
              }
            ],
            "required": false,
            "shape": "au.engine.dep::au-engine[]"
          },
          {
            "divergent": false,
            "field": "description",
            "origins": [
              {
                "name": "au.engine.repo",
                "origin_path": "<au-engine-builtin>/au.engine.repo.type.yaml",
                "repo": "au-engine",
                "required": false,
                "shape": "String"
              }
            ],
            "required": false,
            "shape": "String"
          },
          {
            "divergent": false,
            "field": "name",
            "origins": [
              {
                "name": "au.engine.repo",
                "origin_path": "<au-engine-builtin>/au.engine.repo.type.yaml",
                "repo": "au-engine",
                "required": true,
                "shape": "String"
              }
            ],
            "required": true,
            "shape": "String"
          },
          {
            "divergent": false,
            "field": "remote",
            "origins": [
              {
                "name": "au.engine.repo",
                "origin_path": "<au-engine-builtin>/au.engine.repo.type.yaml",
                "repo": "au-engine",
                "required": false,
                "shape": "String"
              }
            ],
            "required": false,
            "shape": "String"
          }
        ],
        "effective_values": [
          {
            "containers": [
              {
                "contributions": [
                  {
                    "location": {
                      "byte_range": {
                        "end": 35,
                        "line_col": {
                          "end": {
                            "col": 36,
                            "line": 1
                          },
                          "start": {
                            "col": 7,
                            "line": 1
                          }
                        },
                        "start": 6
                      },
                      "file": "<root>/scenarios/location-reserved-on-instance/.arsumbris/repo.yaml"
                    },
                    "section_path": [],
                    "surface": "frontmatter",
                    "value": {
                      "kind": "scalar",
                      "value": "location-reserved-on-instance"
                    }
                  }
                ],
                "value": {
                  "kind": "scalar",
                  "value": "location-reserved-on-instance"
                }
              }
            ],
            "field": "name"
          }
        ],
        "file": "<root>/scenarios/location-reserved-on-instance/.arsumbris/repo.yaml",
        "section_presence": null
      },
      {
        "body_events": [],
        "claim": [
          "note"
        ],
        "closure": [
          "note"
        ],
        "effective_shape": [
          {
            "divergent": false,
            "field": "description",
            "origins": [
              {
                "name": "note",
                "origin_path": "<root>/scenarios/location-reserved-on-instance/type/note.type.yaml",
                "required": true,
                "shape": "String"
              }
            ],
            "required": true,
            "shape": "String"
          }
        ],
        "effective_values": [
          {
            "containers": [
              {
                "contributions": [
                  {
                    "location": {
                      "byte_range": {
                        "end": 31,
                        "line_col": {
                          "end": {
                            "col": 17,
                            "line": 3
                          },
                          "start": {
                            "col": 14,
                            "line": 3
                          }
                        },
                        "start": 28
                      },
                      "file": "<root>/scenarios/location-reserved-on-instance/bad-location-key.md"
                    },
                    "section_path": [],
                    "surface": "frontmatter",
                    "value": {
                      "kind": "scalar",
                      "value": "x"
                    }
                  }
                ],
                "value": {
                  "kind": "scalar",
                  "value": "x"
                }
              }
            ],
            "field": "description"
          }
        ],
        "file": "<root>/scenarios/location-reserved-on-instance/bad-location-key.md",
        "section_presence": null
      }
    ]
  }
}
