---
source: crates/au-cli/tests/it/scenarios.rs
expression: rendered
---
{
  "diagnostics": [
    {
      "code": "fills-contract-unmet",
      "message": "fills contract for 'rationale' not satisfied — no body contribution found in scope 1 Why; contributions are self-tagged (`[[target:rationale]]`, `[:rationale] value`, or a ```[:rationale] fence`) — a bare `[[target]]` is navigational and does not count",
      "related": [
        {
          "file": "<root>/scenarios/fills-contract-unmet/type/decision.type.yaml",
          "line_col": {
            "end": {
              "col": 21,
              "line": 6
            },
            "start": {
              "col": 12,
              "line": 6
            }
          },
          "range": {
            "end": 94,
            "start": 85
          }
        }
      ],
      "severity": "error",
      "span": {
        "file": "<root>/scenarios/fills-contract-unmet/decision.md",
        "line_col": {
          "end": {
            "col": 1,
            "line": 7
          },
          "start": {
            "col": 1,
            "line": 6
          }
        },
        "range": {
          "end": 70,
          "start": 64
        }
      }
    },
    {
      "code": "malformed-attribution-marker",
      "message": "inline code `[:rationale]` starts with `[:` but does not match the `[:fieldName] value` form",
      "severity": "warning",
      "span": {
        "file": "<root>/scenarios/fills-contract-unmet/decision.md",
        "line_col": {
          "end": {
            "col": 31,
            "line": 8
          },
          "start": {
            "col": 17,
            "line": 8
          }
        },
        "range": {
          "end": 101,
          "start": 87
        }
      }
    }
  ],
  "instances": {
    "aborted_at_load": false,
    "count": 2,
    "entries": [
      {
        "body_events": null,
        "claim": [
          "au.engine.repo::au-engine"
        ],
        "closure": [
          "au.engine.repo::au-engine"
        ],
        "effective_shape": [
          {
            "divergent": false,
            "field": "deps",
            "origins": [
              {
                "name": "au.engine.repo",
                "origin_path": "<au-engine-builtin>/au.engine.repo.type.yaml",
                "repo": "au-engine",
                "required": false,
                "shape": "au.engine.dep::au-engine[]"
              }
            ],
            "required": false,
            "shape": "au.engine.dep::au-engine[]"
          },
          {
            "divergent": false,
            "field": "description",
            "origins": [
              {
                "name": "au.engine.repo",
                "origin_path": "<au-engine-builtin>/au.engine.repo.type.yaml",
                "repo": "au-engine",
                "required": false,
                "shape": "String"
              }
            ],
            "required": false,
            "shape": "String"
          },
          {
            "divergent": false,
            "field": "name",
            "origins": [
              {
                "name": "au.engine.repo",
                "origin_path": "<au-engine-builtin>/au.engine.repo.type.yaml",
                "repo": "au-engine",
                "required": true,
                "shape": "String"
              }
            ],
            "required": true,
            "shape": "String"
          },
          {
            "divergent": false,
            "field": "remote",
            "origins": [
              {
                "name": "au.engine.repo",
                "origin_path": "<au-engine-builtin>/au.engine.repo.type.yaml",
                "repo": "au-engine",
                "required": false,
                "shape": "String"
              }
            ],
            "required": false,
            "shape": "String"
          }
        ],
        "effective_values": [
          {
            "containers": [
              {
                "contributions": [
                  {
                    "location": {
                      "byte_range": {
                        "end": 26,
                        "line_col": {
                          "end": {
                            "col": 27,
                            "line": 1
                          },
                          "start": {
                            "col": 7,
                            "line": 1
                          }
                        },
                        "start": 6
                      },
                      "file": "<root>/scenarios/fills-contract-unmet/.arsumbris/repo.yaml"
                    },
                    "section_path": [],
                    "surface": "frontmatter",
                    "value": {
                      "kind": "scalar",
                      "value": "fills-contract-unmet"
                    }
                  }
                ],
                "value": {
                  "kind": "scalar",
                  "value": "fills-contract-unmet"
                }
              }
            ],
            "field": "name"
          }
        ],
        "file": "<root>/scenarios/fills-contract-unmet/.arsumbris/repo.yaml",
        "section_presence": null
      },
      {
        "body_events": [
          {
            "kind": "heading",
            "level": 1,
            "span": {
              "end": 70,
              "line_col": {
                "end": {
                  "col": 1,
                  "line": 7
                },
                "start": {
                  "col": 1,
                  "line": 6
                }
              },
              "start": 64
            },
            "text": "Why"
          },
          {
            "content": "[:rationale]",
            "kind": "inline_code",
            "span": {
              "end": 101,
              "line_col": {
                "end": {
                  "col": 31,
                  "line": 8
                },
                "start": {
                  "col": 17,
                  "line": 8
                }
              },
              "start": 87
            }
          }
        ],
        "claim": [
          "decision"
        ],
        "closure": [
          "decision"
        ],
        "effective_shape": [
          {
            "divergent": false,
            "field": "description",
            "origins": [
              {
                "name": "decision",
                "origin_path": "<root>/scenarios/fills-contract-unmet/type/decision.type.yaml",
                "required": true,
                "shape": "String"
              }
            ],
            "required": true,
            "shape": "String"
          },
          {
            "divergent": false,
            "field": "rationale",
            "origins": [
              {
                "name": "decision",
                "origin_path": "<root>/scenarios/fills-contract-unmet/type/decision.type.yaml",
                "required": false,
                "shape": "String"
              }
            ],
            "required": false,
            "shape": "String"
          }
        ],
        "effective_values": [
          {
            "containers": [
              {
                "contributions": [
                  {
                    "location": {
                      "byte_range": {
                        "end": 58,
                        "line_col": {
                          "end": {
                            "col": 40,
                            "line": 3
                          },
                          "start": {
                            "col": 14,
                            "line": 3
                          }
                        },
                        "start": 32
                      },
                      "file": "<root>/scenarios/fills-contract-unmet/decision.md"
                    },
                    "section_path": [],
                    "surface": "frontmatter",
                    "value": {
                      "kind": "scalar",
                      "value": "Migrate dev DB to SQLite"
                    }
                  }
                ],
                "value": {
                  "kind": "scalar",
                  "value": "Migrate dev DB to SQLite"
                }
              }
            ],
            "field": "description"
          }
        ],
        "file": "<root>/scenarios/fills-contract-unmet/decision.md",
        "section_presence": [
          {
            "depth": 1,
            "name": "Why",
            "optional": false,
            "path": [
              "Why"
            ],
            "present": true,
            "span": {
              "end": 70,
              "line_col": {
                "end": {
                  "col": 1,
                  "line": 7
                },
                "start": {
                  "col": 1,
                  "line": 6
                }
              },
              "start": 64
            }
          }
        ]
      }
    ]
  }
}
