---
source: crates/au-cli/tests/it/scenarios.rs
expression: rendered
---
{
  "diagnostics": [],
  "instances": {
    "aborted_at_load": false,
    "count": 4,
    "entries": [
      {
        "body_events": null,
        "claim": [
          "au.engine.repo::au-engine"
        ],
        "closure": [
          "au.engine.repo::au-engine"
        ],
        "effective_shape": [
          {
            "divergent": false,
            "field": "deps",
            "origins": [
              {
                "name": "au.engine.repo",
                "origin_path": "<au-engine-builtin>/au.engine.repo.type.yaml",
                "repo": "au-engine",
                "required": false,
                "shape": "au.engine.dep::au-engine[]"
              }
            ],
            "required": false,
            "shape": "au.engine.dep::au-engine[]"
          },
          {
            "divergent": false,
            "field": "description",
            "origins": [
              {
                "name": "au.engine.repo",
                "origin_path": "<au-engine-builtin>/au.engine.repo.type.yaml",
                "repo": "au-engine",
                "required": false,
                "shape": "String"
              }
            ],
            "required": false,
            "shape": "String"
          },
          {
            "divergent": false,
            "field": "name",
            "origins": [
              {
                "name": "au.engine.repo",
                "origin_path": "<au-engine-builtin>/au.engine.repo.type.yaml",
                "repo": "au-engine",
                "required": true,
                "shape": "String"
              }
            ],
            "required": true,
            "shape": "String"
          },
          {
            "divergent": false,
            "field": "remote",
            "origins": [
              {
                "name": "au.engine.repo",
                "origin_path": "<au-engine-builtin>/au.engine.repo.type.yaml",
                "repo": "au-engine",
                "required": false,
                "shape": "String"
              }
            ],
            "required": false,
            "shape": "String"
          }
        ],
        "effective_values": [
          {
            "containers": [
              {
                "contributions": [
                  {
                    "location": {
                      "byte_range": {
                        "end": 28,
                        "line_col": {
                          "end": {
                            "col": 29,
                            "line": 1
                          },
                          "start": {
                            "col": 7,
                            "line": 1
                          }
                        },
                        "start": 6
                      },
                      "file": "<root>/scenarios/meta-wrapper-over-peer/.arsumbris/repo.yaml"
                    },
                    "section_path": [],
                    "surface": "frontmatter",
                    "value": {
                      "kind": "scalar",
                      "value": "meta-wrapper-over-peer"
                    }
                  }
                ],
                "value": {
                  "kind": "scalar",
                  "value": "meta-wrapper-over-peer"
                }
              }
            ],
            "field": "name"
          }
        ],
        "file": "<root>/scenarios/meta-wrapper-over-peer/.arsumbris/repo.yaml",
        "section_presence": null
      },
      {
        "body_events": null,
        "claim": [
          "au.engine.workspace::au-engine"
        ],
        "closure": [
          "au.engine.workspace::au-engine"
        ],
        "effective_shape": [
          {
            "divergent": false,
            "field": "disabled",
            "origins": [
              {
                "name": "au.engine.workspace",
                "origin_path": "<au-engine-builtin>/au.engine.workspace.type.yaml",
                "repo": "au-engine",
                "required": false,
                "shape": "String[]"
              }
            ],
            "required": false,
            "shape": "String[]"
          },
          {
            "divergent": false,
            "field": "discover",
            "origins": [
              {
                "name": "au.engine.workspace",
                "origin_path": "<au-engine-builtin>/au.engine.workspace.type.yaml",
                "repo": "au-engine",
                "required": false,
                "shape": "String[]"
              }
            ],
            "required": false,
            "shape": "String[]"
          },
          {
            "divergent": false,
            "field": "edit",
            "origins": [
              {
                "name": "au.engine.workspace",
                "origin_path": "<au-engine-builtin>/au.engine.workspace.type.yaml",
                "repo": "au-engine",
                "required": false,
                "shape": "String[]"
              }
            ],
            "required": false,
            "shape": "String[]"
          }
        ],
        "effective_values": [
          {
            "containers": [
              {
                "contributions": [
                  {
                    "location": {
                      "byte_range": {
                        "end": 32,
                        "line_col": {
                          "end": {
                            "col": 27,
                            "line": 2
                          },
                          "start": {
                            "col": 5,
                            "line": 2
                          }
                        },
                        "start": 10
                      },
                      "file": "<root>/scenarios/meta-wrapper-over-peer/.arsumbris/workspace.yaml"
                    },
                    "section_path": [],
                    "surface": "frontmatter",
                    "value": {
                      "kind": "scalar",
                      "value": "meta-wrapper-over-peer"
                    }
                  }
                ],
                "value": {
                  "kind": "scalar",
                  "value": "meta-wrapper-over-peer"
                }
              },
              {
                "contributions": [
                  {
                    "location": {
                      "byte_range": {
                        "end": 41,
                        "line_col": {
                          "end": {
                            "col": 9,
                            "line": 3
                          },
                          "start": {
                            "col": 5,
                            "line": 3
                          }
                        },
                        "start": 37
                      },
                      "file": "<root>/scenarios/meta-wrapper-over-peer/.arsumbris/workspace.yaml"
                    },
                    "section_path": [],
                    "surface": "frontmatter",
                    "value": {
                      "kind": "scalar",
                      "value": "base"
                    }
                  }
                ],
                "value": {
                  "kind": "scalar",
                  "value": "base"
                }
              },
              {
                "contributions": [
                  {
                    "location": {
                      "byte_range": {
                        "end": 49,
                        "line_col": {
                          "end": {
                            "col": 8,
                            "line": 4
                          },
                          "start": {
                            "col": 5,
                            "line": 4
                          }
                        },
                        "start": 46
                      },
                      "file": "<root>/scenarios/meta-wrapper-over-peer/.arsumbris/workspace.yaml"
                    },
                    "section_path": [],
                    "surface": "frontmatter",
                    "value": {
                      "kind": "scalar",
                      "value": "app"
                    }
                  }
                ],
                "value": {
                  "kind": "scalar",
                  "value": "app"
                }
              }
            ],
            "field": "edit"
          }
        ],
        "file": "<root>/scenarios/meta-wrapper-over-peer/.arsumbris/workspace.yaml",
        "section_presence": null
      },
      {
        "body_events": null,
        "claim": [
          "au.engine.repo::au-engine"
        ],
        "closure": [
          "au.engine.repo::au-engine"
        ],
        "effective_shape": [
          {
            "divergent": false,
            "field": "deps",
            "origins": [
              {
                "name": "au.engine.repo",
                "origin_path": "<au-engine-builtin>/au.engine.repo.type.yaml",
                "repo": "au-engine",
                "required": false,
                "shape": "au.engine.dep::au-engine[]"
              }
            ],
            "required": false,
            "shape": "au.engine.dep::au-engine[]"
          },
          {
            "divergent": false,
            "field": "description",
            "origins": [
              {
                "name": "au.engine.repo",
                "origin_path": "<au-engine-builtin>/au.engine.repo.type.yaml",
                "repo": "au-engine",
                "required": false,
                "shape": "String"
              }
            ],
            "required": false,
            "shape": "String"
          },
          {
            "divergent": false,
            "field": "name",
            "origins": [
              {
                "name": "au.engine.repo",
                "origin_path": "<au-engine-builtin>/au.engine.repo.type.yaml",
                "repo": "au-engine",
                "required": true,
                "shape": "String"
              }
            ],
            "required": true,
            "shape": "String"
          },
          {
            "divergent": false,
            "field": "remote",
            "origins": [
              {
                "name": "au.engine.repo",
                "origin_path": "<au-engine-builtin>/au.engine.repo.type.yaml",
                "repo": "au-engine",
                "required": false,
                "shape": "String"
              }
            ],
            "required": false,
            "shape": "String"
          }
        ],
        "effective_values": [
          {
            "containers": [
              {
                "contributions": [
                  {
                    "location": {
                      "byte_range": {
                        "end": 31,
                        "line_col": {
                          "end": {
                            "col": 1,
                            "line": 4
                          },
                          "start": {
                            "col": 5,
                            "line": 3
                          }
                        },
                        "start": 20
                      },
                      "file": "<root>/scenarios/meta-wrapper-over-peer/app/.arsumbris/repo.yaml"
                    },
                    "section_path": [],
                    "surface": "frontmatter",
                    "value": {
                      "fields": [
                        {
                          "field": "name",
                          "values": [
                            {
                              "kind": "scalar",
                              "value": "base"
                            }
                          ]
                        }
                      ],
                      "kind": "inline_record"
                    }
                  }
                ],
                "value": {
                  "fields": [
                    {
                      "field": "name",
                      "values": [
                        {
                          "kind": "scalar",
                          "value": "base"
                        }
                      ]
                    }
                  ],
                  "kind": "inline_record"
                }
              }
            ],
            "field": "deps"
          },
          {
            "containers": [
              {
                "contributions": [
                  {
                    "location": {
                      "byte_range": {
                        "end": 9,
                        "line_col": {
                          "end": {
                            "col": 10,
                            "line": 1
                          },
                          "start": {
                            "col": 7,
                            "line": 1
                          }
                        },
                        "start": 6
                      },
                      "file": "<root>/scenarios/meta-wrapper-over-peer/app/.arsumbris/repo.yaml"
                    },
                    "section_path": [],
                    "surface": "frontmatter",
                    "value": {
                      "kind": "scalar",
                      "value": "app"
                    }
                  }
                ],
                "value": {
                  "kind": "scalar",
                  "value": "app"
                }
              }
            ],
            "field": "name"
          }
        ],
        "file": "<root>/scenarios/meta-wrapper-over-peer/app/.arsumbris/repo.yaml",
        "section_presence": null
      },
      {
        "body_events": null,
        "claim": [
          "au.engine.repo::au-engine"
        ],
        "closure": [
          "au.engine.repo::au-engine"
        ],
        "effective_shape": [
          {
            "divergent": false,
            "field": "deps",
            "origins": [
              {
                "name": "au.engine.repo",
                "origin_path": "<au-engine-builtin>/au.engine.repo.type.yaml",
                "repo": "au-engine",
                "required": false,
                "shape": "au.engine.dep::au-engine[]"
              }
            ],
            "required": false,
            "shape": "au.engine.dep::au-engine[]"
          },
          {
            "divergent": false,
            "field": "description",
            "origins": [
              {
                "name": "au.engine.repo",
                "origin_path": "<au-engine-builtin>/au.engine.repo.type.yaml",
                "repo": "au-engine",
                "required": false,
                "shape": "String"
              }
            ],
            "required": false,
            "shape": "String"
          },
          {
            "divergent": false,
            "field": "name",
            "origins": [
              {
                "name": "au.engine.repo",
                "origin_path": "<au-engine-builtin>/au.engine.repo.type.yaml",
                "repo": "au-engine",
                "required": true,
                "shape": "String"
              }
            ],
            "required": true,
            "shape": "String"
          },
          {
            "divergent": false,
            "field": "remote",
            "origins": [
              {
                "name": "au.engine.repo",
                "origin_path": "<au-engine-builtin>/au.engine.repo.type.yaml",
                "repo": "au-engine",
                "required": false,
                "shape": "String"
              }
            ],
            "required": false,
            "shape": "String"
          }
        ],
        "effective_values": [
          {
            "containers": [
              {
                "contributions": [
                  {
                    "location": {
                      "byte_range": {
                        "end": 10,
                        "line_col": {
                          "end": {
                            "col": 11,
                            "line": 1
                          },
                          "start": {
                            "col": 7,
                            "line": 1
                          }
                        },
                        "start": 6
                      },
                      "file": "<root>/scenarios/meta-wrapper-over-peer/base/.arsumbris/repo.yaml"
                    },
                    "section_path": [],
                    "surface": "frontmatter",
                    "value": {
                      "kind": "scalar",
                      "value": "base"
                    }
                  }
                ],
                "value": {
                  "kind": "scalar",
                  "value": "base"
                }
              }
            ],
            "field": "name"
          }
        ],
        "file": "<root>/scenarios/meta-wrapper-over-peer/base/.arsumbris/repo.yaml",
        "section_presence": null
      }
    ]
  }
}
