---
source: crates/au-cli/tests/it/scenarios.rs
expression: rendered
---
{
  "diagnostics": [
    {
      "code": "reference-repo-unknown",
      "message": "reference repo 'ghost' is not a declared peer or workspace member",
      "severity": "error",
      "span": {
        "file": "<root>/scenarios/cross-repo-reference/app/page.md",
        "line_col": {
          "end": {
            "col": 56,
            "line": 1
          },
          "start": {
            "col": 38,
            "line": 1
          }
        },
        "range": {
          "end": 55,
          "start": 37
        }
      }
    }
  ],
  "instances": {
    "aborted_at_load": false,
    "count": 4,
    "entries": [
      {
        "body_events": null,
        "claim": [
          "au.engine.repo::au-engine"
        ],
        "closure": [
          "au.engine.repo::au-engine"
        ],
        "effective_shape": [
          {
            "divergent": false,
            "field": "deps",
            "origins": [
              {
                "name": "au.engine.repo",
                "origin_path": "<au-engine-builtin>/au.engine.repo.type.yaml",
                "repo": "au-engine",
                "required": false,
                "shape": "au.engine.dep::au-engine[]"
              }
            ],
            "required": false,
            "shape": "au.engine.dep::au-engine[]"
          },
          {
            "divergent": false,
            "field": "description",
            "origins": [
              {
                "name": "au.engine.repo",
                "origin_path": "<au-engine-builtin>/au.engine.repo.type.yaml",
                "repo": "au-engine",
                "required": false,
                "shape": "String"
              }
            ],
            "required": false,
            "shape": "String"
          },
          {
            "divergent": false,
            "field": "name",
            "origins": [
              {
                "name": "au.engine.repo",
                "origin_path": "<au-engine-builtin>/au.engine.repo.type.yaml",
                "repo": "au-engine",
                "required": true,
                "shape": "String"
              }
            ],
            "required": true,
            "shape": "String"
          },
          {
            "divergent": false,
            "field": "remote",
            "origins": [
              {
                "name": "au.engine.repo",
                "origin_path": "<au-engine-builtin>/au.engine.repo.type.yaml",
                "repo": "au-engine",
                "required": false,
                "shape": "String"
              }
            ],
            "required": false,
            "shape": "String"
          }
        ],
        "effective_values": [
          {
            "containers": [
              {
                "contributions": [
                  {
                    "location": {
                      "byte_range": {
                        "end": 26,
                        "line_col": {
                          "end": {
                            "col": 27,
                            "line": 1
                          },
                          "start": {
                            "col": 7,
                            "line": 1
                          }
                        },
                        "start": 6
                      },
                      "file": "<root>/scenarios/cross-repo-reference/.arsumbris/repo.yaml"
                    },
                    "section_path": [],
                    "surface": "frontmatter",
                    "value": {
                      "kind": "scalar",
                      "value": "cross-repo-reference"
                    }
                  }
                ],
                "value": {
                  "kind": "scalar",
                  "value": "cross-repo-reference"
                }
              }
            ],
            "field": "name"
          }
        ],
        "file": "<root>/scenarios/cross-repo-reference/.arsumbris/repo.yaml",
        "section_presence": null
      },
      {
        "body_events": null,
        "claim": [
          "au.engine.workspace::au-engine"
        ],
        "closure": [
          "au.engine.workspace::au-engine"
        ],
        "effective_shape": [
          {
            "divergent": false,
            "field": "disabled",
            "origins": [
              {
                "name": "au.engine.workspace",
                "origin_path": "<au-engine-builtin>/au.engine.workspace.type.yaml",
                "repo": "au-engine",
                "required": false,
                "shape": "String[]"
              }
            ],
            "required": false,
            "shape": "String[]"
          },
          {
            "divergent": false,
            "field": "discover",
            "origins": [
              {
                "name": "au.engine.workspace",
                "origin_path": "<au-engine-builtin>/au.engine.workspace.type.yaml",
                "repo": "au-engine",
                "required": false,
                "shape": "String[]"
              }
            ],
            "required": false,
            "shape": "String[]"
          },
          {
            "divergent": false,
            "field": "edit",
            "origins": [
              {
                "name": "au.engine.workspace",
                "origin_path": "<au-engine-builtin>/au.engine.workspace.type.yaml",
                "repo": "au-engine",
                "required": false,
                "shape": "String[]"
              }
            ],
            "required": false,
            "shape": "String[]"
          }
        ],
        "effective_values": [
          {
            "containers": [
              {
                "contributions": [
                  {
                    "location": {
                      "byte_range": {
                        "end": 30,
                        "line_col": {
                          "end": {
                            "col": 25,
                            "line": 2
                          },
                          "start": {
                            "col": 5,
                            "line": 2
                          }
                        },
                        "start": 10
                      },
                      "file": "<root>/scenarios/cross-repo-reference/.arsumbris/workspace.yaml"
                    },
                    "section_path": [],
                    "surface": "frontmatter",
                    "value": {
                      "kind": "scalar",
                      "value": "cross-repo-reference"
                    }
                  }
                ],
                "value": {
                  "kind": "scalar",
                  "value": "cross-repo-reference"
                }
              },
              {
                "contributions": [
                  {
                    "location": {
                      "byte_range": {
                        "end": 39,
                        "line_col": {
                          "end": {
                            "col": 9,
                            "line": 3
                          },
                          "start": {
                            "col": 5,
                            "line": 3
                          }
                        },
                        "start": 35
                      },
                      "file": "<root>/scenarios/cross-repo-reference/.arsumbris/workspace.yaml"
                    },
                    "section_path": [],
                    "surface": "frontmatter",
                    "value": {
                      "kind": "scalar",
                      "value": "base"
                    }
                  }
                ],
                "value": {
                  "kind": "scalar",
                  "value": "base"
                }
              },
              {
                "contributions": [
                  {
                    "location": {
                      "byte_range": {
                        "end": 47,
                        "line_col": {
                          "end": {
                            "col": 8,
                            "line": 4
                          },
                          "start": {
                            "col": 5,
                            "line": 4
                          }
                        },
                        "start": 44
                      },
                      "file": "<root>/scenarios/cross-repo-reference/.arsumbris/workspace.yaml"
                    },
                    "section_path": [],
                    "surface": "frontmatter",
                    "value": {
                      "kind": "scalar",
                      "value": "app"
                    }
                  }
                ],
                "value": {
                  "kind": "scalar",
                  "value": "app"
                }
              }
            ],
            "field": "edit"
          }
        ],
        "file": "<root>/scenarios/cross-repo-reference/.arsumbris/workspace.yaml",
        "section_presence": null
      },
      {
        "body_events": null,
        "claim": [
          "au.engine.repo::au-engine"
        ],
        "closure": [
          "au.engine.repo::au-engine"
        ],
        "effective_shape": [
          {
            "divergent": false,
            "field": "deps",
            "origins": [
              {
                "name": "au.engine.repo",
                "origin_path": "<au-engine-builtin>/au.engine.repo.type.yaml",
                "repo": "au-engine",
                "required": false,
                "shape": "au.engine.dep::au-engine[]"
              }
            ],
            "required": false,
            "shape": "au.engine.dep::au-engine[]"
          },
          {
            "divergent": false,
            "field": "description",
            "origins": [
              {
                "name": "au.engine.repo",
                "origin_path": "<au-engine-builtin>/au.engine.repo.type.yaml",
                "repo": "au-engine",
                "required": false,
                "shape": "String"
              }
            ],
            "required": false,
            "shape": "String"
          },
          {
            "divergent": false,
            "field": "name",
            "origins": [
              {
                "name": "au.engine.repo",
                "origin_path": "<au-engine-builtin>/au.engine.repo.type.yaml",
                "repo": "au-engine",
                "required": true,
                "shape": "String"
              }
            ],
            "required": true,
            "shape": "String"
          },
          {
            "divergent": false,
            "field": "remote",
            "origins": [
              {
                "name": "au.engine.repo",
                "origin_path": "<au-engine-builtin>/au.engine.repo.type.yaml",
                "repo": "au-engine",
                "required": false,
                "shape": "String"
              }
            ],
            "required": false,
            "shape": "String"
          }
        ],
        "effective_values": [
          {
            "containers": [
              {
                "contributions": [
                  {
                    "location": {
                      "byte_range": {
                        "end": 110,
                        "line_col": {
                          "end": {
                            "col": 1,
                            "line": 6
                          },
                          "start": {
                            "col": 5,
                            "line": 4
                          }
                        },
                        "start": 57
                      },
                      "file": "<root>/scenarios/cross-repo-reference/app/.arsumbris/repo.yaml"
                    },
                    "section_path": [],
                    "surface": "frontmatter",
                    "value": {
                      "fields": [
                        {
                          "field": "name",
                          "values": [
                            {
                              "kind": "scalar",
                              "value": "base"
                            }
                          ]
                        },
                        {
                          "field": "remote",
                          "values": [
                            {
                              "kind": "scalar",
                              "value": "git@example.com:acme/base.git"
                            }
                          ]
                        }
                      ],
                      "kind": "inline_record"
                    }
                  }
                ],
                "value": {
                  "fields": [
                    {
                      "field": "name",
                      "values": [
                        {
                          "kind": "scalar",
                          "value": "base"
                        }
                      ]
                    },
                    {
                      "field": "remote",
                      "values": [
                        {
                          "kind": "scalar",
                          "value": "git@example.com:acme/base.git"
                        }
                      ]
                    }
                  ],
                  "kind": "inline_record"
                }
              }
            ],
            "field": "deps"
          },
          {
            "containers": [
              {
                "contributions": [
                  {
                    "location": {
                      "byte_range": {
                        "end": 9,
                        "line_col": {
                          "end": {
                            "col": 10,
                            "line": 1
                          },
                          "start": {
                            "col": 7,
                            "line": 1
                          }
                        },
                        "start": 6
                      },
                      "file": "<root>/scenarios/cross-repo-reference/app/.arsumbris/repo.yaml"
                    },
                    "section_path": [],
                    "surface": "frontmatter",
                    "value": {
                      "kind": "scalar",
                      "value": "app"
                    }
                  }
                ],
                "value": {
                  "kind": "scalar",
                  "value": "app"
                }
              }
            ],
            "field": "name"
          },
          {
            "containers": [
              {
                "contributions": [
                  {
                    "location": {
                      "byte_range": {
                        "end": 46,
                        "line_col": {
                          "end": {
                            "col": 37,
                            "line": 2
                          },
                          "start": {
                            "col": 9,
                            "line": 2
                          }
                        },
                        "start": 18
                      },
                      "file": "<root>/scenarios/cross-repo-reference/app/.arsumbris/repo.yaml"
                    },
                    "section_path": [],
                    "surface": "frontmatter",
                    "value": {
                      "kind": "scalar",
                      "value": "git@example.com:acme/app.git"
                    }
                  }
                ],
                "value": {
                  "kind": "scalar",
                  "value": "git@example.com:acme/app.git"
                }
              }
            ],
            "field": "remote"
          }
        ],
        "file": "<root>/scenarios/cross-repo-reference/app/.arsumbris/repo.yaml",
        "section_presence": null
      },
      {
        "body_events": null,
        "claim": [
          "au.engine.repo::au-engine"
        ],
        "closure": [
          "au.engine.repo::au-engine"
        ],
        "effective_shape": [
          {
            "divergent": false,
            "field": "deps",
            "origins": [
              {
                "name": "au.engine.repo",
                "origin_path": "<au-engine-builtin>/au.engine.repo.type.yaml",
                "repo": "au-engine",
                "required": false,
                "shape": "au.engine.dep::au-engine[]"
              }
            ],
            "required": false,
            "shape": "au.engine.dep::au-engine[]"
          },
          {
            "divergent": false,
            "field": "description",
            "origins": [
              {
                "name": "au.engine.repo",
                "origin_path": "<au-engine-builtin>/au.engine.repo.type.yaml",
                "repo": "au-engine",
                "required": false,
                "shape": "String"
              }
            ],
            "required": false,
            "shape": "String"
          },
          {
            "divergent": false,
            "field": "name",
            "origins": [
              {
                "name": "au.engine.repo",
                "origin_path": "<au-engine-builtin>/au.engine.repo.type.yaml",
                "repo": "au-engine",
                "required": true,
                "shape": "String"
              }
            ],
            "required": true,
            "shape": "String"
          },
          {
            "divergent": false,
            "field": "remote",
            "origins": [
              {
                "name": "au.engine.repo",
                "origin_path": "<au-engine-builtin>/au.engine.repo.type.yaml",
                "repo": "au-engine",
                "required": false,
                "shape": "String"
              }
            ],
            "required": false,
            "shape": "String"
          }
        ],
        "effective_values": [
          {
            "containers": [
              {
                "contributions": [
                  {
                    "location": {
                      "byte_range": {
                        "end": 10,
                        "line_col": {
                          "end": {
                            "col": 11,
                            "line": 1
                          },
                          "start": {
                            "col": 7,
                            "line": 1
                          }
                        },
                        "start": 6
                      },
                      "file": "<root>/scenarios/cross-repo-reference/base/.arsumbris/repo.yaml"
                    },
                    "section_path": [],
                    "surface": "frontmatter",
                    "value": {
                      "kind": "scalar",
                      "value": "base"
                    }
                  }
                ],
                "value": {
                  "kind": "scalar",
                  "value": "base"
                }
              }
            ],
            "field": "name"
          },
          {
            "containers": [
              {
                "contributions": [
                  {
                    "location": {
                      "byte_range": {
                        "end": 48,
                        "line_col": {
                          "end": {
                            "col": 38,
                            "line": 2
                          },
                          "start": {
                            "col": 9,
                            "line": 2
                          }
                        },
                        "start": 19
                      },
                      "file": "<root>/scenarios/cross-repo-reference/base/.arsumbris/repo.yaml"
                    },
                    "section_path": [],
                    "surface": "frontmatter",
                    "value": {
                      "kind": "scalar",
                      "value": "git@example.com:acme/base.git"
                    }
                  }
                ],
                "value": {
                  "kind": "scalar",
                  "value": "git@example.com:acme/base.git"
                }
              }
            ],
            "field": "remote"
          }
        ],
        "file": "<root>/scenarios/cross-repo-reference/base/.arsumbris/repo.yaml",
        "section_presence": null
      }
    ]
  }
}
