---
source: crates/au-cli/tests/it/scenarios.rs
expression: rendered
---
{
  "diagnostics": [
    {
      "code": "navigational-target-not-found",
      "message": "wikilink `[[ghost]]` resolves to no repo file",
      "severity": "warning",
      "span": {
        "file": "<root>/scenarios/embedded-value-links/notes.md",
        "line_col": {
          "end": {
            "col": 63,
            "line": 3
          },
          "start": {
            "col": 54,
            "line": 3
          }
        },
        "range": {
          "end": 77,
          "start": 68
        }
      }
    }
  ],
  "instances": {
    "aborted_at_load": false,
    "count": 3,
    "entries": [
      {
        "body_events": null,
        "claim": [
          "au.engine.repo::au-engine"
        ],
        "closure": [
          "au.engine.repo::au-engine"
        ],
        "effective_shape": [
          {
            "divergent": false,
            "field": "deps",
            "origins": [
              {
                "name": "au.engine.repo",
                "origin_path": "<au-engine-builtin>/au.engine.repo.type.yaml",
                "repo": "au-engine",
                "required": false,
                "shape": "au.engine.dep::au-engine[]"
              }
            ],
            "required": false,
            "shape": "au.engine.dep::au-engine[]"
          },
          {
            "divergent": false,
            "field": "description",
            "origins": [
              {
                "name": "au.engine.repo",
                "origin_path": "<au-engine-builtin>/au.engine.repo.type.yaml",
                "repo": "au-engine",
                "required": false,
                "shape": "String"
              }
            ],
            "required": false,
            "shape": "String"
          },
          {
            "divergent": false,
            "field": "name",
            "origins": [
              {
                "name": "au.engine.repo",
                "origin_path": "<au-engine-builtin>/au.engine.repo.type.yaml",
                "repo": "au-engine",
                "required": true,
                "shape": "String"
              }
            ],
            "required": true,
            "shape": "String"
          },
          {
            "divergent": false,
            "field": "remote",
            "origins": [
              {
                "name": "au.engine.repo",
                "origin_path": "<au-engine-builtin>/au.engine.repo.type.yaml",
                "repo": "au-engine",
                "required": false,
                "shape": "String"
              }
            ],
            "required": false,
            "shape": "String"
          }
        ],
        "effective_values": [
          {
            "containers": [
              {
                "contributions": [
                  {
                    "location": {
                      "byte_range": {
                        "end": 26,
                        "line_col": {
                          "end": {
                            "col": 27,
                            "line": 1
                          },
                          "start": {
                            "col": 7,
                            "line": 1
                          }
                        },
                        "start": 6
                      },
                      "file": "<root>/scenarios/embedded-value-links/.arsumbris/repo.yaml"
                    },
                    "section_path": [],
                    "surface": "frontmatter",
                    "value": {
                      "kind": "scalar",
                      "value": "embedded-value-links"
                    }
                  }
                ],
                "value": {
                  "kind": "scalar",
                  "value": "embedded-value-links"
                }
              }
            ],
            "field": "name"
          }
        ],
        "file": "<root>/scenarios/embedded-value-links/.arsumbris/repo.yaml",
        "section_presence": null
      },
      {
        "body_events": [],
        "claim": [
          "note"
        ],
        "closure": [
          "note"
        ],
        "effective_shape": [
          {
            "divergent": false,
            "field": "description",
            "origins": [
              {
                "name": "note",
                "origin_path": "<root>/scenarios/embedded-value-links/type/note.type.yaml",
                "required": true,
                "shape": "String"
              }
            ],
            "required": true,
            "shape": "String"
          }
        ],
        "effective_values": [
          {
            "containers": [
              {
                "contributions": [
                  {
                    "location": {
                      "byte_range": {
                        "end": 92,
                        "line_col": {
                          "end": {
                            "col": 78,
                            "line": 3
                          },
                          "start": {
                            "col": 14,
                            "line": 3
                          }
                        },
                        "start": 28
                      },
                      "file": "<root>/scenarios/embedded-value-links/notes.md"
                    },
                    "section_path": [],
                    "surface": "frontmatter",
                    "value": {
                      "kind": "scalar",
                      "value": "Mentions [[target]] which resolves and [[ghost]] which dangles"
                    }
                  }
                ],
                "value": {
                  "kind": "scalar",
                  "value": "Mentions [[target]] which resolves and [[ghost]] which dangles"
                }
              }
            ],
            "field": "description"
          }
        ],
        "file": "<root>/scenarios/embedded-value-links/notes.md",
        "section_presence": null
      },
      {
        "body_events": [],
        "claim": [
          "note"
        ],
        "closure": [
          "note"
        ],
        "effective_shape": [
          {
            "divergent": false,
            "field": "description",
            "origins": [
              {
                "name": "note",
                "origin_path": "<root>/scenarios/embedded-value-links/type/note.type.yaml",
                "required": true,
                "shape": "String"
              }
            ],
            "required": true,
            "shape": "String"
          }
        ],
        "effective_values": [
          {
            "containers": [
              {
                "contributions": [
                  {
                    "location": {
                      "byte_range": {
                        "end": 54,
                        "line_col": {
                          "end": {
                            "col": 40,
                            "line": 3
                          },
                          "start": {
                            "col": 14,
                            "line": 3
                          }
                        },
                        "start": 28
                      },
                      "file": "<root>/scenarios/embedded-value-links/target.md"
                    },
                    "section_path": [],
                    "surface": "frontmatter",
                    "value": {
                      "kind": "scalar",
                      "value": "A note worth pointing at"
                    }
                  }
                ],
                "value": {
                  "kind": "scalar",
                  "value": "A note worth pointing at"
                }
              }
            ],
            "field": "description"
          }
        ],
        "file": "<root>/scenarios/embedded-value-links/target.md",
        "section_presence": null
      }
    ]
  }
}
